[avatao.com/index.html]
[avatao.com/_.0.delayed]
[avatao.com/content/cache/minify/b0459.default.include.e8b74a.js]
[avatao.com/xoojeeny/w3-total-cache/pub/js/lazyload.min.js]
[backblue.gif]
[fade.gif]
[index.html]
[avatao.com/includes/css/dist/block-library/style.mind96d.css]
[avatao.com/xoojeeny/cf7-styler-for-divi/assets/css/cf7-gridd96d.css]
[avatao.com/comments/feed/index.html]
[avatao.com/feed/index.html]
[avatao.com/xoojeeny/cf7-styler-for-divi/assets/css/moduled96d.css]
[avatao.com/xoojeeny/contact-form-7/includes/css/styles9dff.css]
[avatao.com/xoojeeny/google-analytics-for-wordpress/assets/css/frontend.minc6b6.css]
[avatao.com/template/allskin89df.css]
[avatao.com/xoojeeny/cf7-styler-for-divi/styles/style.min8a54.css]
[avatao.com/includes/css/dashicons.mind96d.css]
[avatao.com/includes/js/jquery/jquery.min9d52.js]
[avatao.com/includes/js/jquery/jquery-migrate.mind617.js]
[avatao.com/xoojeeny/duracelltomi-google-tag-manager/js/gtm4wp-form-move-tracker0455.js]
[avatao.com/template/core/admin/js/es6-promise.auto.mind96d.js]
[avatao.com/template/core/admin/js/recaptchad96d.js]
[avatao.com/xoojeeny/ewww-image-optimizer/includes/lazysizes.min8e09.js]
[avatao.com/xmlrpc0db0.php]
[avatao.com/media/2020/08/cropped-Avatao-favicon-150x150.png]
[avatao.com/media/2020/08/cropped-Avatao-favicon-300x300.png]
[avatao.com/content/et-cache/3291/et-core-unified-3291-16140054033319.min.css]
[avatao.com/how-to-build-security-advantage-from-bugs.html]
[avatao.com/compliance/index.html]
[avatao.com/security-training/index.html]
[avatao.com/security-training.html]
[avatao.com/index0a89.html]
[avatao.com/topics-we-cover/index.html]
[avatao.com/case-studies/index.html]
[avatao.com/compliance.html]
[avatao.com/blog/index.html]
[avatao.com/our-pricing/index.html]
[avatao.com/contact/index.html]
[avatao.com/cookie-declaration.html]
[avatao.com/kotlin-security-training/index.html]
[avatao.com/java-security-training/index.html]
[avatao.com/node-js-security-training/index.html]
[avatao.com/xoojeeny/contact-form-7/includes/js/scripts9dff.js]
[avatao.com/privacy-policy/index.html]
[avatao.com/web-security-training/index.html]
[avatao.com/about/index.html]
[avatao.com/xoojeeny/contact-form-7/modules/recaptcha/script9dff.js]
[avatao.com/template/js/custom.unified89df.js]
[avatao.com/xoojeeny/cf7-styler-for-divi/scripts/frontend-bundle.min8a54.js]
[avatao.com/template/core/admin/js/common89df.js]
[avatao.com/index.html]
[avatao.com/content/cache/minify/index.html]
[avatao.com/content/cache/minify/b0459.default.include.e8b74a.js]
[avatao.com/xoojeeny/w3-total-cache/pub/js/lazyload.min.js]
[avatao.com/xmlrpc.php]
[avatao.com/includes/css/dist/block-library/style.mind96d.css]
[avatao.com/xoojeeny/cf7-styler-for-divi/assets/css/cf7-gridd96d.css]
[avatao.com/xoojeeny/cf7-styler-for-divi/assets/css/moduled96d.css]
[avatao.com/includes/js/wp-embed.mind96d.js]
[avatao.com/xoojeeny/contact-form-7/assets/ajax-loader.gif]
[avatao.com/xoojeeny/contact-form-7/includes/css/styles9dff.css]
[avatao.com/xoojeeny/google-analytics-for-wordpress/assets/css/frontend.minc6b6.css]
[avatao.com/template/core/admin/fonts/modules.eot]
[avatao.com/template/core/admin/fonts/modulesd41d.eot]
[avatao.com/template/core/admin/fonts/modules.ttf]
[avatao.com/template/core/admin/fonts/modules.woff]
[avatao.com/template/core/admin/fonts/modules.svg]
[avatao.com/template/includes/builder/styles/images/subscribe-loader.gif]
[avatao.com/template/includes/builder/styles/images/preloader.gif]
[avatao.com/template/epanel/shortcodes/images/shortcodes-sprite.png]
[avatao.com/template/allskin89df.css]
[avatao.com/xoojeeny/cf7-styler-for-divi/styles/style.min8a54.css]
[avatao.com/includes/fonts/dashicons7d4b.eot]
[avatao.com/includes/css/dashicons.mind96d.css]
[avatao.com/includes/js/jquery/jquery.min9d52.js]
[avatao.com/includes/js/jquery/jquery-migrate.mind617.js]
[avatao.com/xoojeeny/duracelltomi-google-tag-manager/js/gtm4wp-form-move-tracker0455.js]
[avatao.com/template/core/admin/js/es6-promise.auto.mind96d.js]
[avatao.com/template/core/admin/js/recaptchad96d.js]
[avatao.com/xoojeeny/ewww-image-optimizer/includes/lazysizes.min8e09.js]
[avatao.com/wp-json/oembed/1.0/embed720d.json]
[avatao.com/wp-json/oembed/1.0/embeda22a]
[avatao.com/includes/fonts/dashicons7d4b.ttf]
[avatao.com/content/et-cache/3291/et-core-unified-3291-16140054033319.min.css]
[avatao.com/index0a89.html]
[avatao.com/file/2020/08/BG2-06-4.svg]
[avatao.com/security-training/index.html]
[avatao.com/content/et-cache/3493/et-core-unified-3493-1614004898135.min.css]
[avatao.com/trial/index.html]
[avatao.com/compliance/index.html]
[avatao.com/content/et-cache/4081/et-core-unified-4081-16140160928526.min.css]
[avatao.com/pci-dss-case-study/index.html]
[avatao.com/topics-we-cover/index.html]
[avatao.com/content/et-cache/1682/et-core-unified-1682-16140076328409.min.css]
[avatao.com/case-studies/index.html]
[avatao.com/content/et-cache/502/et-core-unified-502-1614010548572.min.css]
[avatao.com/case-study-logmein/index.html]
[avatao.com/content/et-cache/3433/et-core-unified-3433-16140202662115.min.css]
[avatao.com/content/ewww/lazy/placeholder-1080x675.png]
[avatao.com/content/ewww/lazy/placeholder-400x250.png]
[avatao.com/5-best-practices-to-successfully-implement-training-as-part-of-your-security-program/index.html]
[avatao.com/includes/js/mediaelement/mediaelementplayer-legacy.min08e1.css]
[avatao.com/secure-coding-best-practices/index.html]
[avatao.com/recent-security-breaches/index.html]
[avatao.com/includes/js/mediaelement/wp-mediaelement.mind96d.css]
[avatao.com/improve-cybersecurity-in-your-organisation/index.html]
[avatao.com/cloud-security/index.html]
[avatao.com/skills-needed-for-cybersecurity/index.html]
[avatao.com/includes/js/mediaelement/mediaelement-and-player.min08e1.js]
[avatao.com/getting-started-with-kotlin/index.html]
[avatao.com/5-key-challenges-when-building-a-security-training-program/index.html]
[avatao.com/make-the-most-of-avatao/index.html]
[avatao.com/includes/js/mediaelement/mediaelement-migrate.mind96d.js]
[avatao.com/life-before-docker-and-beyond-a-brief-history-of-container-security/index.html]
[avatao.com/how-cybersecurity-contributes-value-to-business/index.html]
[avatao.com/tutorial-framework-containerizing-it-security-knowledge/index.html]
[avatao.com/blog/index.html]
[avatao.com/includes/js/mediaelement/wp-mediaelement.mind96d.js]
[avatao.com/a-quantitative-approach-to-data-protection-impact-assessment/index.html]
[avatao.com/back-to-school-cybersecurity-is-missing-on-college-campuses/index.html]
[avatao.com/make-your-company-better-invest-in-security-training-for-developers/index.html]
[avatao.com/xss-case-study/index.html]
[avatao.com/wild-card-to-win-usps-customer-data/index.html]
[avatao.com/an-overview-of-linux-container-security/index.html]
[avatao.com/dns-privacy-and-security/index.html]
[avatao.com/not-so-smart-pointers/index.html]
[avatao.com/ethereum-smart-contracts/index.html]
[avatao.com/security-usability-best-practices/index.html]
[avatao.com/how-i-could-have-stolen-your-photos-from-google-my-first-3-bug-bounty-writeups/index.html]
[avatao.com/secure-development-with-spring-framework/index.html]
[avatao.com/how-to-automate-your-infrastructure-with-ansible-in-a-secure-way/index.html]
[avatao.com/the-three-fatal-bugs-behind-the-facebook-breach/index.html]
[avatao.com/secure-collaborative-infrastructure-deployment-workflow-with-terraform-vault-and-atlantis/index.html]
[avatao.com/how-to-dive-into-web-security-as-a-developer/index.html]
[avatao.com/how-to-build-security-advantage-from-bugs.html]
[avatao.com/content/et-cache/2639/et-core-unified-2639-16140159537207.min.css]
[avatao.com/semancat-versioning/index.html]
[avatao.com/security-issues-to-be-aware-of-before-moving-to-the-cloud/index.html]
[avatao.com/git-security-best-practices/index.html]
[avatao.com/using-cloud-services-security-is-your-job-too/index.html]
[avatao.com/is-your-company-ready-for-a-responsible-disclosure-policy-program/index.html]
[avatao.com/responsible-vulnerability-reporting/index.html]
[avatao.com/csp-tutorial-owasp-top-10/index.html]
[avatao.com/broken-access-control/index.html]
[avatao.com/insourcing-security-operations/index.html]
[avatao.com/deep-dive-into-the-equifax-breach-and-the-apache-struts-vulnerability/index.html]
[avatao.com/learn-to-build-secure-software/index.html]
[avatao.com/our-pricing/index.html]
[avatao.com/content/et-cache/3568/et-core-unified-3568-16140054508706.min.css]
[avatao.com/interview-with-tamas-kt-koczka-from-spamandhex/index.html]
[avatao.com/how-spamandhex-became-a-top-hacker-team-in-the-world-the-final-part/index.html]
[avatao.com/make-aws-infrastructure-more-secure-with-the-help-of-iam/index.html]
[avatao.com/three-major-xss-issues-in-2016-plus-an-avatao-xmass-challenge/index.html]
[avatao.com/interview-with-chris-wysopal-cto-of-veracode/index.html]
[avatao.com/interview-with-zoltan-balazs-security-expert/index.html]
[avatao.com/kaitai/index.html]
[avatao.com/avataotools-introduces-popular-security-tools/index.html]
[avatao.com/reverse-engineering-tutorial-and-challenge/index.html]
[avatao.com/interview-with-mateusz-j00ru-jurczyk-security-expert/index.html]
[avatao.com/interview-with-charlie-miller-security-researcher/index.html]
[avatao.com/how-spamandhex-became-a-top-hacker-team-part-2/index.html]
[avatao.com/content/et-cache/3455/et-core-unified-3455-16140105521723.min.css]
[avatao.com/your-first-avatao-tuesday/index.html]
[avatao.com/interview-with-the-cykor-ctf-team/index.html]
[avatao.com/interview-with-gabor-molnar-security-expert-who-co-discovered-rosetta-flash/index.html]
[avatao.com/contact/+36708861337]
[avatao.com/how-to-build-security-advantage-from-bugs/index.html]
[avatao.com/how-spamandhex-became-a-top-hacker-team-part-1/index.html]
[avatao.com/xoojeeny/google-captcha/css/gglcptchfdf2.css]
[avatao.com/contact/index.html]
[avatao.com/security-training.html]
[avatao.com/xoojeeny/google-captcha/js/scriptfdf2.js]
[avatao.com/kotlin-security-training/index.html]
[avatao.com/content/et-cache/2977/et-core-unified-2977-16140159359307.min.css]
[avatao.com/contact-old/index.html]
[avatao.com/java-security-training/index.html]
[avatao.com/content/et-cache/3004/et-core-unified-3004-16140186879169.min.css]
[avatao.com/node-js-security-training/index.html]
[avatao.com/content/et-cache/3049/et-core-unified-3049-16140406268959.min.css]
[avatao.com/web-security-training/index.html]
[avatao.com/compliance.html]
[avatao.com/content/et-cache/2820/et-core-unified-2820-1614010767399.min.css]
[avatao.com/about/index.html]
[avatao.com/content/et-cache/1418/et-core-unified-1418-16140056738076.min.css]
[avatao.com/privacy-policy/feed/index.html]
[avatao.com/privacy-policy/index.html]
[avatao.com/content/et-cache/3/et-core-unified-3-16140309116877.min.css]
[avatao.com/cookie-declaration/index.html]
[avatao.com/cookie-declaration.html]
[avatao.com/xoojeeny/contact-form-7/includes/js/scripts9dff.js]
[avatao.com/xoojeeny/contact-form-7/modules/recaptcha/script9dff.js]
[avatao.com/template/js/custom.unified89df.js]
[avatao.com/xoojeeny/cf7-styler-for-divi/scripts/frontend-bundle.min8a54.js]
[avatao.com/template/core/admin/js/common89df.js]
[avatao.com/includes/js/wp-embed.mind96d.js]
[avatao.com/template/core/admin/fonts/modules.svg]
[avatao.com/file/2020/08/BG2-06-4.svg]
[avatao.com/index0368.html]
[avatao.com/wp-json/oembed/1.0/embede6b2.json]
[avatao.com/wp-json/oembed/1.0/embed5929]
[avatao.com/content/et-cache/2562/et-core-unified-2562-16140224660894.min.css]
[avatao.com/content/et-cache/3493/et-core-unified-3493-1614004898135.min.css]
[avatao.com/trial/index.html]
[avatao.com/indexf436.html]
[avatao.com/wp-json/oembed/1.0/embedace9.json]
[avatao.com/wp-json/oembed/1.0/embede293]
[avatao.com/content/et-cache/4081/et-core-unified-4081-16140160928526.min.css]
[avatao.com/file/2020/08/small-bg-1-12.svg]
[avatao.com/pci-dss-case-study/index.html]
[avatao.com/indexbab4.html]
[avatao.com/wp-json/oembed/1.0/embed6cc2.json]
[avatao.com/wp-json/oembed/1.0/embed210c]
[avatao.com/content/et-cache/1682/et-core-unified-1682-16140076328409.min.css]
[avatao.com/indexda6e.html]
[avatao.com/wp-json/oembed/1.0/embed866d.json]
[avatao.com/wp-json/oembed/1.0/embed9f83]
[avatao.com/content/et-cache/2545/et-core-unified-2545-16140510188897.min.css]
[avatao.com/content/et-cache/502/et-core-unified-502-1614010548572.min.css]
[avatao.com/file/2020/08/small-bg-3-06.svg]
[avatao.com/case-study-logmein/index.html]
[avatao.com/index3e24.html]
[avatao.com/wp-json/oembed/1.0/embed4b08.json]
[avatao.com/wp-json/oembed/1.0/embed053b]
[avatao.com/content/et-cache/3433/et-core-unified-3433-16140202662115.min.css]
[avatao.com/content/et-cache/2541/et-core-unified-2541-16140459495724.min.css]
[avatao.com/5-best-practices-to-successfully-implement-training-as-part-of-your-security-program/feed/index.html]
[avatao.com/content/et-cache/4164/et-core-unified-4164-1614048968573.min.css]
[avatao.com/includes/js/comment-reply.mind96d.js]
[avatao.com/5-best-practices-to-successfully-implement-training-as-part-of-your-security-program/index.html]
[avatao.com/template/includes/builder/scripts/ext/jquery.visible.min89df.js]
[avatao.com/recent-security-breaches/index.html]
[avatao.com/content/et-cache/2032/et-core-unified-2032-16140601143835.min.css]
[avatao.com/secure-coding-best-practices/index.html]
[avatao.com/content/et-cache/2065/et-core-unified-2065-16140601143838.min.css]
[avatao.com/improve-cybersecurity-in-your-organisation/index.html]
[avatao.com/content/et-cache/2079/et-core-unified-2079-16140601159311.min.css]
[avatao.com/cloud-security/index.html]
[avatao.com/content/et-cache/2072/et-core-unified-2072-16140601163567.min.css]
[avatao.com/skills-needed-for-cybersecurity/index.html]
[avatao.com/content/et-cache/2098/et-core-unified-2098-16140601163542.min.css]
[avatao.com/make-the-most-of-avatao/index.html]
[avatao.com/content/et-cache/2088/et-core-unified-2088-1614060118354.min.css]
[avatao.com/5-key-challenges-when-building-a-security-training-program/feed/index.html]
[avatao.com/content/et-cache/3662/et-core-unified-3662-16140055905269.min.css]
[avatao.com/content/ewww/lazy/placeholder-1024x768.png]
[avatao.com/content/ewww/lazy/placeholder-515x434.png]
[avatao.com/5-key-challenges-when-building-a-security-training-program/index.html]
[avatao.com/index15f7.html]
[avatao.com/getting-started-with-kotlin/feed/index.html]
[avatao.com/getting-started-with-kotlin/index.html]
[avatao.com/content/et-cache/1207/et-core-unified-1207-16140433619913.min.css]
[avatao.com/tutorial-framework-containerizing-it-security-knowledge/feed/index.html]
[avatao.com/tutorial-framework-containerizing-it-security-knowledge/index.html]
[avatao.com/content/et-cache/821/et-core-unified-821-16140601203479.min.css]
[avatao.com/content/et-cache/1053/et-core-unified-1053-16140085790713.min.css]
[avatao.com/life-before-docker-and-beyond-a-brief-history-of-container-security/feed/index.html]
[avatao.com/content/ewww/lazy/placeholder-1920x1203.png]
[avatao.com/life-before-docker-and-beyond-a-brief-history-of-container-security/_https_/en.wikipedia.org/wiki/Chroot]
[avatao.com/life-before-docker-and-beyond-a-brief-history-of-container-security/index.html]
[avatao.com/how-cybersecurity-contributes-value-to-business/index.html]
[avatao.com/content/et-cache/1148/et-core-unified-1148-1614017666623.min.css]
[avatao.com/make-your-company-better-invest-in-security-training-for-developers/feed/index.html]
[avatao.com/make-your-company-better-invest-in-security-training-for-developers/index.html]
[avatao.com/content/et-cache/1150/et-core-unified-1150-16140522609324.min.css]
[avatao.com/solutions-for-developers/index.html]
[avatao.com/back-to-school-cybersecurity-is-missing-on-college-campuses/feed/index.html]
[avatao.com/content/et-cache/1093/et-core-unified-1093-16140466546204.min.css]
[avatao.com/content/ewww/lazy/placeholder-1200x628.png]
[avatao.com/back-to-school-cybersecurity-is-missing-on-college-campuses/_https_/www.forbes.com/sites/daveywinder/2019/08/20/data-breaches-expose-41-billion-records-in-first-six-months-of-2019/index.html]
[avatao.com/back-to-school-cybersecurity-is-missing-on-college-campuses/_https_/www.techrepublic.com/article/data-breaches-increased-54-in-2019-so-far/index.html]
[avatao.com/back-to-school-cybersecurity-is-missing-on-college-campuses/_https_/searchsecurity.techtarget.com/news/252467602/2019-data-breach-disclosures-10-of-the-biggest-so-far]
[avatao.com/back-to-school-cybersecurity-is-missing-on-college-campuses/_https_/hbr.org/2019/08/every-computer-science-degree-should-require-a-course-in-cybersecurity]
[avatao.com/back-to-school-cybersecurity-is-missing-on-college-campuses/_https_/gist.github.com/cablej/f272747f2d545342aec7f34a1bfae4ef]
[avatao.com/back-to-school-cybersecurity-is-missing-on-college-campuses/_https_/www.cloudpassage.com/company/press-releases/cloudpassage-study-finds-u-s-universities-failing-cybersecurity-education/index.html]
[avatao.com/back-to-school-cybersecurity-is-missing-on-college-campuses/_http_/www.isaca.org/Knowledge-Center/index.html]
[avatao.com/back-to-school-cybersecurity-is-missing-on-college-campuses/_https_/www.csis.org/analysis/cybersecurity-workforce-gap]
[avatao.com/back-to-school-cybersecurity-is-missing-on-college-campuses/_https_/csrc.nist.gov/CSRC/media/Events/Federal-Information-Systems-Security-Educators-As/documents/24.pdf]
[avatao.com/back-to-school-cybersecurity-is-missing-on-college-campuses/_https_/obamawhitehouse.archives.gov/blog/2016/07/27/building-workforce-through-cybersecurity-competitions]
[avatao.com/back-to-school-cybersecurity-is-missing-on-college-campuses/_https_/www.cnbc.com/2019/03/06/cybersecurity-expert-shortage-may-cost-companies-hundreds-of-millions.html]
[avatao.com/back-to-school-cybersecurity-is-missing-on-college-campuses/index.html]
[avatao.com/xss-case-study/feed/index.html]
[avatao.com/content/et-cache/1041/et-core-unified-1041-1614060122358.min.css]
[avatao.com/content/ewww/lazy/placeholder-1170x633.png]
[avatao.com/content/ewww/lazy/placeholder-1170x103.png]
[avatao.com/content/ewww/lazy/placeholder-1170x143.png]
[avatao.com/xss-case-study/index.html]
[avatao.com/a-quantitative-approach-to-data-protection-impact-assessment/feed/index.html]
[avatao.com/a-quantitative-approach-to-data-protection-impact-assessment/index.html]
[avatao.com/content/et-cache/1087/et-core-unified-1087-1614060124352.min.css]
[avatao.com/dns-privacy-and-security/feed/index.html]
[avatao.com/content/et-cache/1190/et-core-unified-1190-16140124100578.min.css]
[avatao.com/content/ewww/lazy/placeholder-646x400.png]
[avatao.com/dns-privacy-and-security/_https_/forums.att.com/t5/AT-T-Internet-Features/ATT-DNS-Assist-Page/td-p/5108480]
[avatao.com/dns-privacy-and-security/index.html]
[avatao.com/content/et-cache/972/et-core-unified-972-16140140678293.min.css]
[avatao.com/wild-card-to-win-usps-customer-data/_https_/platform.avatao.com/challenges/66c949ff-93f9-4db2-89ce-8fe6a862cdc9]
[avatao.com/wild-card-to-win-usps-customer-data/index.html]
[avatao.com/an-overview-of-linux-container-security/feed/index.html]
[avatao.com/content/et-cache/1054/et-core-unified-1054-16140242652186.min.css]
[avatao.com/an-overview-of-linux-container-security/_https_/en.wikipedia.org/wiki/Setuid]
[avatao.com/an-overview-of-linux-container-security/index.html]
[avatao.com/not-so-smart-pointers/feed/index.html]
[avatao.com/not-so-smart-pointers/index.html]
[avatao.com/content/et-cache/1085/et-core-unified-1085-16140167365729.min.css]
[avatao.com/security-usability-best-practices/index.html]
[avatao.com/content/et-cache/1057/et-core-unified-1057-16140601274079.min.css]
[avatao.com/security-usability-best-practices/feed/index.html]
[avatao.com/how-i-could-have-stolen-your-photos-from-google-my-first-3-bug-bounty-writeups/feed/index.html]
[avatao.com/content/et-cache/1155/et-core-unified-1155-16140601274071.min.css]
[avatao.com/content/ewww/lazy/placeholder-1920x1080.png]
[avatao.com/content/ewww/lazy/placeholder-568x357.png]
[avatao.com/content/ewww/lazy/placeholder-569x357.png]
[avatao.com/how-i-could-have-stolen-your-photos-from-google-my-first-3-bug-bounty-writeups/index.html]
[avatao.com/ethereum-smart-contracts/feed/index.html]
[avatao.com/content/et-cache/1056/et-core-unified-1056-16140301136.min.css]
[avatao.com/smart-contract-security/_https_/github.com/melonproject/oyente]
[avatao.com/smart-contract-security/_https_/securify.chainsecurity.com/index.html]
[avatao.com/smart-contract-security/_https_/github.com/costa-group/ethIR]
[avatao.com/smart-contract-security/_https_/github.com/MAIAN-tool/MAIAN]
[avatao.com/smart-contract-security/_https_/github.com/usyd-blockchain/vandal]
[avatao.com/smart-contract-security/_https_/github.com/ConsenSys/mythril-classic]
[avatao.com/smart-contract-security/_http_/aronlaszka.com/papers/mavridou2019verisolid.pdf]
[avatao.com/smart-contract-security/_https_/github.com/anmavrid/smart-contracts]
[avatao.com/smart-contract-security/_https_/github.com/gordonpace/contractLarva]
[avatao.com/smart-contract-security/_https_/platform.avatao.com/paths/5bcdd82b-22c0-4146-9662-cb1533a97b36/info]
[avatao.com/ethereum-smart-contracts/index.html]
[avatao.com/secure-collaborative-infrastructure-deployment-workflow-with-terraform-vault-and-atlantis/feed/index.html]
[avatao.com/content/et-cache/1151/et-core-unified-1151-16140601294456.min.css]
[avatao.com/secure-collaborative-infrastructure-deployment-workflow-with-terraform-vault-and-atlantis/index.html]
[avatao.com/secure-collaborative-infrastructure-deployment-workflow-with-terraform-vault-and-atlantis/_https_/runatlantis.io/index.html]
[avatao.com/secure-development-with-spring-framework/feed/index.html]
[avatao.com/secure-development-with-spring-framework/index.html]
[avatao.com/content/et-cache/1036/et-core-unified-1036-16140057728526.min.css]
[avatao.com/the-three-fatal-bugs-behind-the-facebook-breach/feed/index.html]
[avatao.com/the-three-fatal-bugs-behind-the-facebook-breach/index.html]
[avatao.com/content/et-cache/1038/et-core-unified-1038-16140601294575.min.css]
[avatao.com/how-to-automate-your-infrastructure-with-ansible-in-a-secure-way/feed/index.html]
[avatao.com/how-to-automate-your-infrastructure-with-ansible-in-a-secure-way/index.html]
[avatao.com/content/et-cache/1032/et-core-unified-1032-16140152177475.min.css]
[avatao.com/how-to-dive-into-web-security-as-a-developer/feed/index.html]
[avatao.com/how-to-dive-into-web-security-as-a-developer/index.html]
[avatao.com/content/et-cache/1071/et-core-unified-1071-16140601313867.min.css]
[avatao.com/semancat-versioning/feed/index.html]
[avatao.com/semancat-versioning/index.html]
[avatao.com/content/et-cache/1149/et-core-unified-1149-16140185882775.min.css]
[avatao.com/security-issues-to-be-aware-of-before-moving-to-the-cloud/feed/index.html]
[avatao.com/security-issues-to-be-aware-of-before-moving-to-the-cloud/index.html]
[avatao.com/content/et-cache/1058/et-core-unified-1058-16140316104878.min.css]
[avatao.com/git-security-best-practices/feed/index.html]
[avatao.com/content/et-cache/1145/et-core-unified-1145-16140087772232.min.css]
[avatao.com/git-security-best-practices/_https_/git-scm.com/docs/gitignore]
[avatao.com/git-security-best-practices/_https_/git-scm.com/docs/git-filter-branch]
[avatao.com/git-security-best-practices/index.html]
[avatao.com/using-cloud-services-security-is-your-job-too/feed/index.html]
[avatao.com/content/et-cache/1089/et-core-unified-1089-16140601344291.min.css]
[avatao.com/using-cloud-services-security-is-your-job-too/_http_/www.hit.bme.hu/_buttyan/publications/PekBB13acmcsur.pdf]
[avatao.com/using-cloud-services-security-is-your-job-too/index.html]
[avatao.com/responsible-vulnerability-reporting/feed/index.html]
[avatao.com/responsible-vulnerability-reporting/index.html]
[avatao.com/content/et-cache/1152/et-core-unified-1152-16140184738597.min.css]
[avatao.com/broken-access-control/feed/index.html]
[avatao.com/broken-access-control/index.html]
[avatao.com/content/et-cache/1146/et-core-unified-1146-1614007003732.min.css]
[avatao.com/csp-tutorial-owasp-top-10/feed/index.html]
[avatao.com/csp-tutorial-owasp-top-10/index.html]
[avatao.com/content/et-cache/1037/et-core-unified-1037-16140179271207.min.css]
[avatao.com/is-your-company-ready-for-a-responsible-disclosure-policy-program/feed/index.html]
[avatao.com/is-your-company-ready-for-a-responsible-disclosure-policy-program/index.html]
[avatao.com/content/et-cache/1153/et-core-unified-1153-16140466524389.min.css]
[avatao.com/make-aws-infrastructure-more-secure-with-the-help-of-iam/feed/index.html]
[avatao.com/make-aws-infrastructure-more-secure-with-the-help-of-iam/index.html]
[avatao.com/content/et-cache/1055/et-core-unified-1055-16140601364562.min.css]
[avatao.com/insourcing-security-operations/feed/index.html]
[avatao.com/insourcing-security-operations/index.html]
[avatao.com/content/et-cache/1147/et-core-unified-1147-16140544221221.min.css]
[avatao.com/deep-dive-into-the-equifax-breach-and-the-apache-struts-vulnerability/feed/index.html]
[avatao.com/content/et-cache/1154/et-core-unified-1154-16140601364445.min.css]
[avatao.com/content/ewww/lazy/placeholder-428x282.png]
[avatao.com/content/ewww/lazy/placeholder-640x426.png]
[avatao.com/equifax-and-apache-struts/_https_/www.linkedin.com/pulse/equifax-breach-what-one-talking-deidre-diamond/index.html]
[avatao.com/deep-dive-into-the-equifax-breach-and-the-apache-struts-vulnerability/index.html]
[avatao.com/learn-to-build-secure-software/feed/index.html]
[avatao.com/content/et-cache/1088/et-core-unified-1088-1614060138383.min.css]
[avatao.com/learn-to-build-secure-software/_http_/csrc.nist.gov/publications/PubsSPs.html]
[avatao.com/learn-to-build-secure-software/index.html]
[avatao.com/content/et-cache/976/et-core-unified-976-16140601383921.min.css]
[avatao.com/content/ewww/lazy/placeholder-606x320.png]
[avatao.com/content/ewww/lazy/placeholder-605x430.png]
[avatao.com/content/ewww/lazy/placeholder-1170x517.png]
[avatao.com/how-spamandhex-became-a-top-hacker-team-in-the-world-the-final-part/index.html]
[avatao.com/content/et-cache/953/et-core-unified-953-16140601383567.min.css]
[avatao.com/content/ewww/lazy/placeholder-170x170.png]
[avatao.com/interview-with-tamas-kt-koczka-from-spamandhex/index.html]
[avatao.com/three-major-xss-issues-in-2016-plus-an-avatao-xmass-challenge/feed/index.html]
[avatao.com/three-major-xss-issues-in-2016-plus-an-avatao-xmass-challenge/index.html]
[avatao.com/content/et-cache/1090/et-core-unified-1090-16140389570721.min.css]
[avatao.com/kaitai/feed/index.html]
[avatao.com/kaitai/index.html]
[avatao.com/content/et-cache/1092/et-core-unified-1092-16140223763205.min.css]
[avatao.com/interview-with-chris-wysopal-cto-of-veracode/index.html]
[avatao.com/content/et-cache/1022/et-core-unified-1022-16140283397044.min.css]
[avatao.com/interview-with-zoltan-balazs-security-expert/index.html]
[avatao.com/content/et-cache/1019/et-core-unified-1019-16140070136524.min.css]
[avatao.com/avataotools-introduces-popular-security-tools/index.html]
[avatao.com/content/et-cache/1014/et-core-unified-1014-16140601408419.min.css]
[avatao.com/interview-with-charlie-miller-security-researcher/feed/index.html]
[avatao.com/interview-with-charlie-miller-security-researcher/index.html]
[avatao.com/content/et-cache/1086/et-core-unified-1086-16140601414697.min.css]
[avatao.com/how-spamandhex-became-a-top-hacker-team-part-2/index.html]
[avatao.com/content/et-cache/982/et-core-unified-982-16140601444082.min.css]
[avatao.com/interview-with-mateusz-j00ru-jurczyk-security-expert/index.html]
[avatao.com/content/et-cache/996/et-core-unified-996-16140601444048.min.css]
[avatao.com/reverse-engineering-tutorial-and-challenge/feed/index.html]
[avatao.com/reverse-engineering-tutorial-and-challenge/index.html]
[avatao.com/content/et-cache/1091/et-core-unified-1091-16140087120867.min.css]
[avatao.com/interview-with-gabor-molnar-security-expert-who-co-discovered-rosetta-flash/index.html]
[avatao.com/content/et-cache/997/et-core-unified-997-16140601444047.min.css]
[avatao.com/interview-with-the-cykor-ctf-team/index.html]
[avatao.com/content/et-cache/992/et-core-unified-992-16140601463942.min.css]
[avatao.com/content/et-cache/1026/et-core-unified-1026-1614060146354.min.css]
[avatao.com/your-first-avatao-tuesday/_https_/medium.freecodecamp.com/so-you-want-to-work-in-security-bc6c10157d23]
[avatao.com/your-first-avatao-tuesday/_https_/www.linkedin.com/in/parisa-tabriz-a676472]
[avatao.com/your-first-avatao-tuesday/_https_/hbr.org/2007/07/the-making-of-an-expert]
[avatao.com/your-first-avatao-tuesday/_https_/www.owasp.org/Cross-site_Scripting_(XSS]
[avatao.com/your-first-avatao-tuesday/index.html]
[avatao.com/how-spamandhex-became-a-top-hacker-team-part-1/index.html]
[avatao.com/content/et-cache/987/et-core-unified-987-16140601463782.min.css]
[avatao.com/includes/js/mediaelement/mediaelementplayer-legacy.min08e1.css]
[avatao.com/includes/js/mediaelement/wp-mediaelement.mind96d.css]
[avatao.com/includes/js/mediaelement/mejs-controls.svg]
[avatao.com/includes/js/mediaelement/mediaelement-and-player.min08e1.js]
[avatao.com/includes/js/mediaelement/mediaelement-migrate.mind96d.js]
[avatao.com/includes/js/mediaelement/wp-mediaelement.mind96d.js]
[avatao.com/how-to-build-security-advantage-from-bugs/index.html]
[avatao.com/index8b33.html]
[avatao.com/wp-json/oembed/1.0/embed8ca2.json]
[avatao.com/wp-json/oembed/1.0/embedd513]
[avatao.com/content/et-cache/2639/et-core-unified-2639-16140159537207.min.css]
[avatao.com/indexfd91.html]
[avatao.com/wp-json/oembed/1.0/embed6d52.json]
[avatao.com/wp-json/oembed/1.0/embede204]
[avatao.com/file/2020/08/contact-bg-10-2.svg]
[avatao.com/file/2020/09/white-abstract-bg-2-21.png]
[avatao.com/content/et-cache/3568/et-core-unified-3568-16140054508706.min.css]
[avatao.com/index4b1c.html]
[avatao.com/wp-json/oembed/1.0/embedd3fc.json]
[avatao.com/wp-json/oembed/1.0/embed978b]
[avatao.com/content/et-cache/3455/et-core-unified-3455-16140105521723.min.css]
[avatao.com/contact/+36708861337.html]
[avatao.com/xoojeeny/google-captcha/css/gglcptchfdf2.css]
[avatao.com/xoojeeny/google-captcha/js/scriptfdf2.js]
[avatao.com/indexc74f.html]
[avatao.com/wp-json/oembed/1.0/embed28db.json]
[avatao.com/wp-json/oembed/1.0/embed871d]
[avatao.com/content/et-cache/2977/et-core-unified-2977-16140159359307.min.css]
[avatao.com/file/2020/08/contact-bg-10-1.svg]
[avatao.com/xoojeeny/wpforms-lite/assets/css/wpforms-full.minbb89.css]
[avatao.com/contact-old/+36708861337]
[avatao.com/xoojeeny/wpforms-lite/assets/js/jquery.validate.minb3a6.js]
[avatao.com/xoojeeny/wpforms-lite/assets/js/mailcheck.mincfa9.js]
[avatao.com/contact-old/index.html]
[avatao.com/indexea5a.html]
[avatao.com/wp-json/oembed/1.0/embed8869.json]
[avatao.com/wp-json/oembed/1.0/embed6658]
[avatao.com/content/et-cache/3004/et-core-unified-3004-16140186879169.min.css]
[avatao.com/indexb51d.html]
[avatao.com/wp-json/oembed/1.0/embed46aa.json]
[avatao.com/wp-json/oembed/1.0/embed177d]
[avatao.com/content/et-cache/3049/et-core-unified-3049-16140406268959.min.css]
[avatao.com/indexa916.html]
[avatao.com/wp-json/oembed/1.0/embedd58b.json]
[avatao.com/wp-json/oembed/1.0/embed93a1]
[avatao.com/content/et-cache/2820/et-core-unified-2820-1614010767399.min.css]
[avatao.com/index6435.html]
[avatao.com/wp-json/oembed/1.0/embed0a87.json]
[avatao.com/wp-json/oembed/1.0/embed75d7]
[avatao.com/xoojeeny/wpforms-lite/assets/js/wpformsbb89.js]
[avatao.com/content/et-cache/1418/et-core-unified-1418-16140056738076.min.css]
[avatao.com/index2207.html]
[avatao.com/wp-json/oembed/1.0/embedc454.json]
[avatao.com/wp-json/oembed/1.0/embed9f8c]
[avatao.com/content/et-cache/3/et-core-unified-3-16140309116877.min.css]
[avatao.com/cookie-declaration/index.html]
[avatao.com/index5c59.html]
[avatao.com/wp-json/oembed/1.0/embeda75c.json]
[avatao.com/wp-json/oembed/1.0/embed840f]
[avatao.com/content/et-cache/2562/et-core-unified-2562-16140224660894.min.css]
[avatao.com/file/2020/08/small-bg-1-12.svg]
[avatao.com/index58f6.html]
[avatao.com/wp-json/oembed/1.0/embed6843.json]
[avatao.com/wp-json/oembed/1.0/embedfd98]
[avatao.com/content/et-cache/2545/et-core-unified-2545-16140510188897.min.css]
[avatao.com/file/2020/08/small-bg-3-06.svg]
[avatao.com/indexf3cd.html]
[avatao.com/wp-json/oembed/1.0/embedba18.json]
[avatao.com/wp-json/oembed/1.0/embed83bc]
[avatao.com/file/2020/08/banner-10.svg]
[avatao.com/content/et-cache/2541/et-core-unified-2541-16140459495724.min.css]
[avatao.com/indexaffa.html]
[avatao.com/wp-json/oembed/1.0/embed34f9.json]
[avatao.com/wp-json/oembed/1.0/embed3df9]
[avatao.com/content/et-cache/4164/et-core-unified-4164-1614048968573.min.css]
[avatao.com/includes/js/comment-reply.mind96d.js]
[avatao.com/template/includes/builder/scripts/ext/jquery.visible.min89df.js]
[avatao.com/index7d12.html]
[avatao.com/wp-json/oembed/1.0/embed8185.json]
[avatao.com/wp-json/oembed/1.0/embed7723]
[avatao.com/content/et-cache/2032/et-core-unified-2032-16140601143835.min.css]
[avatao.com/indexc257.html]
[avatao.com/wp-json/oembed/1.0/embedc366.json]
[avatao.com/wp-json/oembed/1.0/embedb199]
[avatao.com/content/et-cache/2065/et-core-unified-2065-16140601143838.min.css]
[avatao.com/index4af2.html]
[avatao.com/wp-json/oembed/1.0/embede1a4.json]
[avatao.com/wp-json/oembed/1.0/embed15a5]
[avatao.com/content/et-cache/2079/et-core-unified-2079-16140601159311.min.css]
[avatao.com/indexd19f.html]
[avatao.com/wp-json/oembed/1.0/embedef19.json]
[avatao.com/wp-json/oembed/1.0/embedce92]
[avatao.com/content/et-cache/2072/et-core-unified-2072-16140601163567.min.css]
[avatao.com/index29c8.html]
[avatao.com/wp-json/oembed/1.0/embeda8b2.json]
[avatao.com/wp-json/oembed/1.0/embed2a47]
[avatao.com/content/et-cache/2098/et-core-unified-2098-16140601163542.min.css]
[avatao.com/index024c.html]
[avatao.com/wp-json/oembed/1.0/embed2be5.json]
[avatao.com/wp-json/oembed/1.0/embed5b41]
[avatao.com/content/et-cache/2088/et-core-unified-2088-1614060118354.min.css]
[avatao.com/index9f11.html]
[avatao.com/wp-json/oembed/1.0/embed9016.json]
[avatao.com/wp-json/oembed/1.0/embed8d22]
[avatao.com/content/et-cache/3662/et-core-unified-3662-16140055905269.min.css]
[avatao.com/index15f7.html]
[avatao.com/indexa60b.html]
[avatao.com/wp-json/oembed/1.0/embed0e74.json]
[avatao.com/wp-json/oembed/1.0/embed0336]
[avatao.com/content/et-cache/1207/et-core-unified-1207-16140433619913.min.css]
[avatao.com/index6d2c.html]
[avatao.com/wp-json/oembed/1.0/embed8406.json]
[avatao.com/wp-json/oembed/1.0/embed52bc]
[avatao.com/content/et-cache/821/et-core-unified-821-16140601203479.min.css]
[avatao.com/index6c4a.html]
[avatao.com/wp-json/oembed/1.0/embed04d7.json]
[avatao.com/wp-json/oembed/1.0/embedbfb2]
[avatao.com/content/et-cache/1053/et-core-unified-1053-16140085790713.min.css]
[avatao.com/life-before-docker-and-beyond-a-brief-history-of-container-security/_https_/en.wikipedia.org/wiki/Chroot.html]
[avatao.com/index6ca6.html]
[avatao.com/file/2020/08/Testimonial-BG-06.svg]
[avatao.com/how-cybersecurity-contributes-value-to-business/feed/index.html]
[avatao.com/life-before-docker-and-beyond-a-brief-history-of-container-security/_https_/en.wikipedia.org/wiki/LXC]
[avatao.com/content/et-cache/1148/et-core-unified-1148-1614017666623.min.css]
[avatao.com/index8b53.html]
[avatao.com/wp-json/oembed/1.0/embed1d00.json]
[avatao.com/wp-json/oembed/1.0/embedb68d]
[avatao.com/content/et-cache/1150/et-core-unified-1150-16140522609324.min.css]
[avatao.com/solutions-for-developers/index.html]
[avatao.com/index9a65.html]
[avatao.com/wp-json/oembed/1.0/embedccbe.json]
[avatao.com/wp-json/oembed/1.0/embed3703]
[avatao.com/content/et-cache/1093/et-core-unified-1093-16140466546204.min.css]
[avatao.com/back-to-school-cybersecurity-is-missing-on-college-campuses/_https_/www.forbes.com/sites/daveywinder/2019/08/20/data-breaches-expose-41-billion-records-in-first-six-months-of-2019/index.html]
[avatao.com/back-to-school-cybersecurity-is-missing-on-college-campuses/_https_/www.techrepublic.com/article/data-breaches-increased-54-in-2019-so-far/index.html]
[avatao.com/back-to-school-cybersecurity-is-missing-on-college-campuses/_https_/searchsecurity.techtarget.com/news/252467602/2019-data-breach-disclosures-10-of-the-biggest-so-far.html]
[avatao.com/back-to-school-cybersecurity-is-missing-on-college-campuses/_https_/hbr.org/2019/08/every-computer-science-degree-should-require-a-course-in-cybersecurity.html]
[avatao.com/back-to-school-cybersecurity-is-missing-on-college-campuses/_https_/gist.github.com/cablej/f272747f2d545342aec7f34a1bfae4ef.html]
[avatao.com/back-to-school-cybersecurity-is-missing-on-college-campuses/_https_/www.cloudpassage.com/company/press-releases/cloudpassage-study-finds-u-s-universities-failing-cybersecurity-education/index.html]
[avatao.com/back-to-school-cybersecurity-is-missing-on-college-campuses/_http_/www.isaca.org/Knowledge-Center/index.html]
[avatao.com/back-to-school-cybersecurity-is-missing-on-college-campuses/_https_/www.csis.org/analysis/cybersecurity-workforce-gap.html]
[avatao.com/back-to-school-cybersecurity-is-missing-on-college-campuses/_https_/csrc.nist.gov/CSRC/media/Events/Federal-Information-Systems-Security-Educators-As/documents/24.html]
[avatao.com/back-to-school-cybersecurity-is-missing-on-college-campuses/_https_/obamawhitehouse.archives.gov/blog/2016/07/27/building-workforce-through-cybersecurity-competitions.html]
[avatao.com/back-to-school-cybersecurity-is-missing-on-college-campuses/_https_/www.cnbc.com/2019/03/06/cybersecurity-expert-shortage-may-cost-companies-hundreds-of-millions.html]
[avatao.com/indexc9ac.html]
[avatao.com/wp-json/oembed/1.0/embedcd05.json]
[avatao.com/wp-json/oembed/1.0/embed4c88]
[avatao.com/content/et-cache/1041/et-core-unified-1041-1614060122358.min.css]
[avatao.com/index4413.html]
[avatao.com/wp-json/oembed/1.0/embedfc31.json]
[avatao.com/wp-json/oembed/1.0/embedc952]
[avatao.com/content/et-cache/1087/et-core-unified-1087-1614060124352.min.css]
[avatao.com/index0959.html]
[avatao.com/wp-json/oembed/1.0/embedc103.json]
[avatao.com/wp-json/oembed/1.0/embed57bc]
[avatao.com/content/et-cache/1190/et-core-unified-1190-16140124100578.min.css]
[avatao.com/dns-privacy-and-security/_https_/forums.att.com/t5/AT-T-Internet-Features/ATT-DNS-Assist-Page/td-p/5108480.html]
[avatao.com/indexf843.html]
[avatao.com/wp-json/oembed/1.0/embed8748]
[avatao.com/content/et-cache/972/et-core-unified-972-16140140678293.min.css]
[avatao.com/wild-card-to-win-usps-customer-data/_https_/platform.avatao.com/challenges/66c949ff-93f9-4db2-89ce-8fe6a862cdc9.html]
[avatao.com/indexd030.html]
[avatao.com/wp-json/oembed/1.0/embeda81c.json]
[avatao.com/wp-json/oembed/1.0/embedc336]
[avatao.com/content/et-cache/1054/et-core-unified-1054-16140242652186.min.css]
[avatao.com/an-overview-of-linux-container-security/_https_/en.wikipedia.org/wiki/Setuid.html]
[avatao.com/indexbb4b.html]
[avatao.com/wp-json/oembed/1.0/embed9a79.json]
[avatao.com/wp-json/oembed/1.0/embed8dc3]
[avatao.com/content/et-cache/1085/et-core-unified-1085-16140167365729.min.css]
[avatao.com/indexf5bd.html]
[avatao.com/wp-json/oembed/1.0/embedee27.json]
[avatao.com/wp-json/oembed/1.0/embed0003]
[avatao.com/content/et-cache/1057/et-core-unified-1057-16140601274079.min.css]
[avatao.com/indexc494.html]
[avatao.com/wp-json/oembed/1.0/embedc764.json]
[avatao.com/wp-json/oembed/1.0/embedc14a]
[avatao.com/content/et-cache/1155/et-core-unified-1155-16140601274071.min.css]
[avatao.com/index3f75.html]
[avatao.com/wp-json/oembed/1.0/embed5f0f.json]
[avatao.com/wp-json/oembed/1.0/embede8df]
[avatao.com/content/et-cache/1056/et-core-unified-1056-16140301136.min.css]
[avatao.com/smart-contract-security/_https_/github.com/melonproject/oyente.html]
[avatao.com/smart-contract-security/_https_/securify.chainsecurity.com/index.html]
[avatao.com/smart-contract-security/_https_/github.com/costa-group/ethIR.html]
[avatao.com/smart-contract-security/_https_/github.com/MAIAN-tool/MAIAN.html]
[avatao.com/smart-contract-security/_https_/github.com/usyd-blockchain/vandal.html]
[avatao.com/smart-contract-security/_https_/github.com/ConsenSys/mythril-classic.html]
[avatao.com/smart-contract-security/_http_/aronlaszka.com/papers/mavridou2019verisolid.html]
[avatao.com/smart-contract-security/_https_/github.com/anmavrid/smart-contracts.html]
[avatao.com/smart-contract-security/_https_/github.com/gordonpace/contractLarva.html]
[avatao.com/smart-contract-security/_https_/platform.avatao.com/paths/5bcdd82b-22c0-4146-9662-cb1533a97b36/info.html]
[avatao.com/index24d6.html]
[avatao.com/wp-json/oembed/1.0/embedad52.json]
[avatao.com/wp-json/oembed/1.0/embede866]
[avatao.com/content/et-cache/1151/et-core-unified-1151-16140601294456.min.css]
[avatao.com/secure-collaborative-infrastructure-deployment-workflow-with-terraform-vault-and-atlantis/_https_/runatlantis.io/index.html]
[avatao.com/index6b6b.html]
[avatao.com/wp-json/oembed/1.0/embedf29b.json]
[avatao.com/wp-json/oembed/1.0/embed9035]
[avatao.com/content/et-cache/1036/et-core-unified-1036-16140057728526.min.css]
[avatao.com/indexdb34.html]
[avatao.com/wp-json/oembed/1.0/embeda7e2.json]
[avatao.com/wp-json/oembed/1.0/embed8902]
[avatao.com/content/et-cache/1038/et-core-unified-1038-16140601294575.min.css]
[avatao.com/index5579.html]
[avatao.com/wp-json/oembed/1.0/embed0c29.json]
[avatao.com/wp-json/oembed/1.0/embeddba4]
[avatao.com/content/et-cache/1032/et-core-unified-1032-16140152177475.min.css]
[avatao.com/indexb766.html]
[avatao.com/wp-json/oembed/1.0/embed2a9b.json]
[avatao.com/wp-json/oembed/1.0/embed6c81]
[avatao.com/content/et-cache/1071/et-core-unified-1071-16140601313867.min.css]
[avatao.com/index3f16.html]
[avatao.com/wp-json/oembed/1.0/embedd24b.json]
[avatao.com/wp-json/oembed/1.0/embed2e87]
[avatao.com/content/et-cache/1149/et-core-unified-1149-16140185882775.min.css]
[avatao.com/index95ac.html]
[avatao.com/wp-json/oembed/1.0/embed65b2.json]
[avatao.com/wp-json/oembed/1.0/embed56f9]
[avatao.com/content/et-cache/1058/et-core-unified-1058-16140316104878.min.css]
[avatao.com/indexfdfc.html]
[avatao.com/wp-json/oembed/1.0/embedc0e5.json]
[avatao.com/wp-json/oembed/1.0/embed4263]
[avatao.com/media/2020/08/small-bg-3-06.svg]
[avatao.com/content/et-cache/1145/et-core-unified-1145-16140087772232.min.css]
[avatao.com/git-security-best-practices/_https_/git-scm.com/docs/gitignore.html]
[avatao.com/git-security-best-practices/_https_/git-scm.com/docs/git-filter-branch.html]
[avatao.com/indexf8dc.html]
[avatao.com/wp-json/oembed/1.0/embed14cb.json]
[avatao.com/wp-json/oembed/1.0/embedecdc]
[avatao.com/content/et-cache/1089/et-core-unified-1089-16140601344291.min.css]
[avatao.com/using-cloud-services-security-is-your-job-too/_http_/www.hit.bme.hu/_buttyan/publications/PekBB13acmcsur.html]
[avatao.com/index59b0.html]
[avatao.com/wp-json/oembed/1.0/embed06c5.json]
[avatao.com/wp-json/oembed/1.0/embed7233]
[avatao.com/content/et-cache/1152/et-core-unified-1152-16140184738597.min.css]
[avatao.com/indexf518.html]
[avatao.com/wp-json/oembed/1.0/embedaa7c.json]
[avatao.com/wp-json/oembed/1.0/embedfc50]
[avatao.com/content/et-cache/1146/et-core-unified-1146-1614007003732.min.css]
[avatao.com/indexea31.html]
[avatao.com/wp-json/oembed/1.0/embed5716.json]
[avatao.com/wp-json/oembed/1.0/embed88aa]
[avatao.com/content/et-cache/1037/et-core-unified-1037-16140179271207.min.css]
[avatao.com/index3f85.html]
[avatao.com/wp-json/oembed/1.0/embed8cc5.json]
[avatao.com/wp-json/oembed/1.0/embed6db1]
[avatao.com/content/et-cache/1153/et-core-unified-1153-16140466524389.min.css]
[avatao.com/indexb0e9.html]
[avatao.com/wp-json/oembed/1.0/embed6aa4.json]
[avatao.com/wp-json/oembed/1.0/embed4fdf]
[avatao.com/content/et-cache/1055/et-core-unified-1055-16140601364562.min.css]
[avatao.com/index5a4f.html]
[avatao.com/wp-json/oembed/1.0/embed3bdd.json]
[avatao.com/wp-json/oembed/1.0/embed5025]
[avatao.com/content/et-cache/1147/et-core-unified-1147-16140544221221.min.css]
[avatao.com/indexed87.html]
[avatao.com/wp-json/oembed/1.0/embed07ca.json]
[avatao.com/wp-json/oembed/1.0/embedfeea]
[avatao.com/content/et-cache/1154/et-core-unified-1154-16140601364445.min.css]
[avatao.com/equifax-and-apache-struts/_https_/www.linkedin.com/pulse/equifax-breach-what-one-talking-deidre-diamond/index.html]
[avatao.com/index784f.html]
[avatao.com/wp-json/oembed/1.0/embedce1f.json]
[avatao.com/wp-json/oembed/1.0/embed2136]
[avatao.com/content/et-cache/1088/et-core-unified-1088-1614060138383.min.css]
[avatao.com/learn-to-build-secure-software/_http_/csrc.nist.gov/publications/PubsSPs.html]
[avatao.com/indexf8c8.html]
[avatao.com/wp-json/oembed/1.0/embedaeb4.json]
[avatao.com/wp-json/oembed/1.0/embed19e8]
[avatao.com/content/et-cache/976/et-core-unified-976-16140601383921.min.css]
[avatao.com/index342f.html]
[avatao.com/wp-json/oembed/1.0/embed8bee.json]
[avatao.com/wp-json/oembed/1.0/embede4fb]
[avatao.com/content/et-cache/953/et-core-unified-953-16140601383567.min.css]
[avatao.com/indexb357.html]
[avatao.com/wp-json/oembed/1.0/embede97d.json]
[avatao.com/wp-json/oembed/1.0/embede285]
[avatao.com/content/et-cache/1090/et-core-unified-1090-16140389570721.min.css]
[avatao.com/index3b75.html]
[avatao.com/wp-json/oembed/1.0/embedf492.json]
[avatao.com/wp-json/oembed/1.0/embedd9ab]
[avatao.com/content/et-cache/1092/et-core-unified-1092-16140223763205.min.css]
[avatao.com/indexb703.html]
[avatao.com/wp-json/oembed/1.0/embed761d.json]
[avatao.com/wp-json/oembed/1.0/embeda473]
[avatao.com/content/et-cache/1022/et-core-unified-1022-16140283397044.min.css]
[avatao.com/index1bd8.html]
[avatao.com/wp-json/oembed/1.0/embed0425.json]
[avatao.com/wp-json/oembed/1.0/embed75e8]
[avatao.com/content/et-cache/1019/et-core-unified-1019-16140070136524.min.css]
[avatao.com/index039f.html]
[avatao.com/wp-json/oembed/1.0/embeda695.json]
[avatao.com/wp-json/oembed/1.0/embedf30c]
[avatao.com/content/et-cache/1014/et-core-unified-1014-16140601408419.min.css]
[avatao.com/index0a82.html]
[avatao.com/wp-json/oembed/1.0/embedb75a.json]
[avatao.com/wp-json/oembed/1.0/embedf623]
[avatao.com/content/et-cache/1086/et-core-unified-1086-16140601414697.min.css]
[avatao.com/index0849.html]
[avatao.com/wp-json/oembed/1.0/embedbb4b.json]
[avatao.com/wp-json/oembed/1.0/embedebcb]
[avatao.com/content/et-cache/982/et-core-unified-982-16140601444082.min.css]
[avatao.com/index3fd6.html]
[avatao.com/wp-json/oembed/1.0/embedfafc.json]
[avatao.com/wp-json/oembed/1.0/embed51b8]
[avatao.com/content/et-cache/996/et-core-unified-996-16140601444048.min.css]
[avatao.com/index2f6c.html]
[avatao.com/wp-json/oembed/1.0/embed196e.json]
[avatao.com/wp-json/oembed/1.0/embedb00a]
[avatao.com/content/et-cache/1091/et-core-unified-1091-16140087120867.min.css]
[avatao.com/index7451.html]
[avatao.com/wp-json/oembed/1.0/embed143d.json]
[avatao.com/wp-json/oembed/1.0/embed6dfe]
[avatao.com/content/et-cache/997/et-core-unified-997-16140601444047.min.css]
[avatao.com/index0d0a.html]
[avatao.com/wp-json/oembed/1.0/embed185b.json]
[avatao.com/wp-json/oembed/1.0/embed1513]
[avatao.com/content/et-cache/992/et-core-unified-992-16140601463942.min.css]
[avatao.com/index8285.html]
[avatao.com/wp-json/oembed/1.0/embed5141.json]
[avatao.com/wp-json/oembed/1.0/embedcc04]
[avatao.com/content/et-cache/1026/et-core-unified-1026-1614060146354.min.css]
[avatao.com/your-first-avatao-tuesday/_https_/medium.freecodecamp.com/so-you-want-to-work-in-security-bc6c10157d23.html]
[avatao.com/your-first-avatao-tuesday/_https_/www.linkedin.com/in/parisa-tabriz-a676472.html]
[avatao.com/your-first-avatao-tuesday/_https_/hbr.org/2007/07/the-making-of-an-expert.html]
[avatao.com/your-first-avatao-tuesday/_https_/www.owasp.org/Cross-site_Scripting_(XSS.html]
[avatao.com/index3afd.html]
[avatao.com/wp-json/oembed/1.0/embed7211.json]
[avatao.com/wp-json/oembed/1.0/embed2870]
[avatao.com/content/et-cache/987/et-core-unified-987-16140601463782.min.css]
[avatao.com/includes/js/mediaelement/mejs-controls.svg]
[avatao.com/file/2020/08/contact-bg-10-2.svg]
[avatao.com/file/2020/08/contact-bg-10-1.svg]
[avatao.com/wild-card-to-win-usps-customer-data/feed/index.html]
[avatao.com/xoojeeny/wpforms-lite/assets/images/times-solid-white.svg]
[avatao.com/xoojeeny/wpforms-lite/assets/css/wpforms-full.minbb89.css]
[avatao.com/index6497.html]
[avatao.com/wp-json/oembed/1.0/embed4b38.json]
[avatao.com/wp-json/oembed/1.0/embedf0fe]
[avatao.com/contact-old/+36708861337.html]
[avatao.com/xoojeeny/wpforms-lite/assets/js/jquery.validate.minb3a6.js]
[avatao.com/contact-old/optusnet.com.au]
[avatao.com/contact-old/com.au]
[avatao.com/contact-old/net.au]
[avatao.com/xoojeeny/wpforms-lite/assets/js/mailcheck.mincfa9.js]
[avatao.com/xoojeeny/wpforms-lite/assets/js/wpformsbb89.js]
[avatao.com/file/2020/08/banner-10.svg]
[avatao.com/file/2020/08/Testimonial-BG-06.svg]
[avatao.com/life-before-docker-and-beyond-a-brief-history-of-container-security/_https_/en.wikipedia.org/wiki/LXC]
[avatao.com/wp-json/oembed/1.0/embedd8d8]
[avatao.com/wp-json/oembed/1.0/embed6607]
[avatao.com/dns-privacy-and-security/_https_/web.archive.org/web/20090813095417/http_/www.optimum.net/Article/DNS]
[avatao.com/dns-privacy-and-security/_https_/web.archive.org/web/20090813095417/http_/www.optimum.net/Article/DNS_]
[avatao.com/wp-json/oembed/1.0/embed70bd]
[avatao.com/media/2020/08/small-bg-3-06.svg]
[avatao.com/xoojeeny/wpforms-lite/assets/images/times-solid-white.svg]
[avatao.com/contact-old/optusnet.com.html]
[avatao.com/contact-old/com.html]
[avatao.com/contact-old/net.html]
[avatao.com/dns-privacy-and-security/_https_/web.archive.org/web/20090813095417/http_/www.optimum.net/Article/DNS.html]
